current directory: /Users/girma/Documents/Github/personal_website/gir-ma.github.io/vendor/bundle/ruby/3.3.0/gems/json-2.18.0/ext/json/ext/parser
/opt/homebrew/Library/Homebrew/vendor/portable-ruby/3.3.6/bin/ruby extconf.rb
checking for rb_enc_interned_str() in ruby/encoding.h... yes
checking for rb_str_to_interned_str() in ruby.h... yes
checking for rb_hash_new_capa() in ruby.h... yes
checking for rb_hash_bulk_insert() in ruby.h... yes
checking for whether -std=c99 is accepted as CFLAGS... yes
checking for arm_neon.h... yes
checking for cpuid.h... no
creating Makefile

current directory: /Users/girma/Documents/Github/personal_website/gir-ma.github.io/vendor/bundle/ruby/3.3.0/gems/json-2.18.0/ext/json/ext/parser
make DESTDIR\= sitearchdir\=./.gem.20251231-17831-g3az5m sitelibdir\=./.gem.20251231-17831-g3az5m clean

current directory: /Users/girma/Documents/Github/personal_website/gir-ma.github.io/vendor/bundle/ruby/3.3.0/gems/json-2.18.0/ext/json/ext/parser
make DESTDIR\= sitearchdir\=./.gem.20251231-17831-g3az5m sitelibdir\=./.gem.20251231-17831-g3az5m
compiling parser.c
linking shared-object json/ext/parser.bundle
ld: warning: -multiply_defined is obsolete

current directory: /Users/girma/Documents/Github/personal_website/gir-ma.github.io/vendor/bundle/ruby/3.3.0/gems/json-2.18.0/ext/json/ext/parser
make DESTDIR\= sitearchdir\=./.gem.20251231-17831-g3az5m sitelibdir\=./.gem.20251231-17831-g3az5m install
/usr/bin/install -c -m 0755 parser.bundle ./.gem.20251231-17831-g3az5m/json/ext

current directory: /Users/girma/Documents/Github/personal_website/gir-ma.github.io/vendor/bundle/ruby/3.3.0/gems/json-2.18.0/ext/json/ext/parser
make DESTDIR\= sitearchdir\=./.gem.20251231-17831-g3az5m sitelibdir\=./.gem.20251231-17831-g3az5m clean
